Capability provided is not valid
Assertion `Rs1.getTag()' failed.