 Rs1 doesn't have the necessary perms

exiting with last active thread context